// Jest Snapshot v1, https://goo.gl/fbAQLP

exports[`Achievement badge match snapshot 1`] = `
<div
  className="col-lg-4 col-md-6 col-12"
>
  <div
    className="card"
    style={
      Object {
        "width": "18rem",
      }
    }
  >
    <img
      className="card-img-top"
      src="https://google.com"
    />
    <div
      className="card-body"
    >
      <div
        className="card-title h5"
      >
        achievement-title-test
      </div>
    </div>
  </div>
</div>
`;
