// Jest Snapshot v1, https://goo.gl/fbAQLP

exports[`Footer match snapshot 1`] = `
<footer
  style={
    Object {
      "bottom": 0,
      "display": "flex",
      "justifyContent": "center",
      "position": "relative",
      "width": "100%",
    }
  }
>
  <div
    className="container"
  >
    <div
      className="row"
    >
      <div
        className="text-center py-3 col"
      >
        <p
          className="text-center text-black"
        >
          Copyright Â© Kanamanabu
        </p>
      </div>
    </div>
  </div>
</footer>
`;
