// Jest Snapshot v1, https://goo.gl/fbAQLP

exports[`Button match snapshot 1`] = `
<button
  className="w-full border-box m-1 bg-gray-800 px-6 py-2.5 text-white rounded-sm hover:bg-gray-700 "
  type="submit"
>
  button-test
</button>
`;
